image[0] = BlobFile [
  key=VQ-1AIPWbhWHRQtC333ojA
  creation=3/19/12 2:29 AM
  creationHandle=writable:GIJAH3SIGe2h3h_ngmJe4Q
  fileName=3.png
  contentType=image/png
  size=1,228
]
image[1] = BlobFile [
  key=Vez9-n9fWBwHVWmk4dgxbw
  creation=3/19/12 2:29 AM
  creationHandle=writable:FFxtvOj0yoq6XfcqLaIWjQ
  fileName=2.png
  contentType=image/png
  size=1,228
]
image[2] = BlobFile [
  key=qFSpny_KUHbRNZI9238flQ
  creation=3/19/12 2:29 AM
  creationHandle=writable:b3LVLMQQmETbRmaLi0NkJw
  fileName=1.png
  contentType=image/png
  size=1,228
]
