Called Default with '/'
Called About with '/about'
Called ViaAttribute with '/Mock'
