{"images": {
  "0": {
    "fileName": "llewellynscomputer",
    "imageUrl": "/Image?fileName=imageKey1"
  },
  "1": {
    "fileName": "lynnscomputer",
    "imageUrl": "/Image?fileName=imageKey2"
  },
  "length": 2
}}